[2026-09-27 18:24:45] [INFO] Interval: 2026-09-26 -> 2026-09-27 
[2026-09-27 18:24:45] [INFO] Pro Crossref bude pouzit kontakt radim.tolasz@chmi.cz 
[2026-09-27 18:24:46] [INFO] Nacteno 29 klicovych termu v 5 skupinach z keywords.txt 
[2026-09-27 18:24:46] [INFO] Loading CT24 
[2026-09-27 18:24:47] [INFO] Loading iDNES 
[2026-09-27 18:24:48] [INFO] Loading Novinky 
[2026-09-27 18:24:49] [INFO] Loading Seznam Zpravy 
[2026-09-27 18:24:50] [INFO] Loading Denik N 
[2026-09-27 18:24:51] [INFO] Loading Reflex 
[2026-09-27 18:24:52] [INFO] Loading Respekt 
[2026-09-27 18:24:53] [WARN] Skipping Respekt - no items found 
[2026-09-27 18:24:53] [INFO] Loading BBC World 
[2026-09-27 18:24:53] [INFO] Loading The Guardian World 
[2026-09-27 18:24:53] [INFO] Loading NYTimes World 
[2026-09-27 18:24:54] [INFO] Loading NPR World 
[2026-09-27 18:24:54] [INFO] Loading Al Jazeera 
[2026-09-27 18:24:54] [INFO] Loading Sky News World 
[2026-09-27 18:24:54] [INFO] Nacteno celkem 372 zaznamu ze zpravodajskych RSS 
[2026-09-27 18:24:54] [INFO] Loading Nature Climate 
[2026-09-27 18:24:54] [INFO] Loading Nature Sustainability 
[2026-09-27 18:24:54] [INFO] Loading PNAS 
[2026-09-27 18:24:55] [WARN] Skipping PNAS cannot open the connection 
[2026-09-27 18:24:55] [INFO] Loading ScienceDaily Climate 
[2026-09-27 18:24:55] [INFO] Loading ScienceDaily Global Warming 
[2026-09-27 18:24:55] [INFO] Loading ScienceDaily Environmental Issues 
[2026-09-27 18:24:55] [INFO] Nacteno celkem 196 zaznamu z vedeckych RSS 
[2026-09-27 18:24:56] [INFO] Crossref query: climate change 
[2026-09-27 18:24:56] [INFO] Crossref query 'climate change': 83 polozek v odpovedi, 70 polozek po filtraci na datum/link 
[2026-09-27 18:24:56] [INFO] arXiv query: climate change 
[2026-09-27 18:24:56] [WARN] arXiv failed for climate change - cannot open the connection 
[2026-09-27 18:24:56] [INFO] Crossref query: global warming 
[2026-09-27 18:24:57] [INFO] Crossref query 'global warming': 65 polozek v odpovedi, 58 polozek po filtraci na datum/link 
[2026-09-27 18:24:57] [INFO] arXiv query: global warming 
[2026-09-27 18:24:57] [WARN] arXiv failed for global warming - cannot open the connection 
[2026-09-27 18:24:57] [INFO] Crossref query: climate extremes 
[2026-09-27 18:24:58] [INFO] Crossref query 'climate extremes': 64 polozek v odpovedi, 53 polozek po filtraci na datum/link 
[2026-09-27 18:24:58] [INFO] arXiv query: climate extremes 
[2026-09-27 18:24:58] [WARN] arXiv failed for climate extremes - cannot open the connection 
[2026-09-27 18:24:58] [INFO] Crossref query: drought 
[2026-09-27 18:24:58] [INFO] Crossref query 'drought': 11 polozek v odpovedi, 6 polozek po filtraci na datum/link 
[2026-09-27 18:24:58] [INFO] arXiv query: drought 
[2026-09-27 18:24:58] [WARN] arXiv failed for drought - cannot open the connection 
[2026-09-27 18:24:59] [INFO] Crossref query: flood 
[2026-09-27 18:24:59] [INFO] Crossref query 'flood': 5 polozek v odpovedi, 3 polozek po filtraci na datum/link 
[2026-09-27 18:24:59] [INFO] arXiv query: flood 
[2026-09-27 18:24:59] [WARN] arXiv failed for flood - cannot open the connection 
[2026-09-27 18:24:59] [INFO] Crossref query: heatwave 
[2026-09-27 18:24:59] [INFO] Crossref query 'heatwave': 2 polozek v odpovedi, 0 polozek po filtraci na datum/link 
[2026-09-27 18:24:59] [INFO] arXiv query: heatwave 
[2026-09-27 18:25:00] [WARN] arXiv failed for heatwave - cannot open the connection 
[2026-09-27 18:25:00] [INFO] Nacteno celkem 134 zaznamu z vedeckych API 
[2026-09-27 18:25:00] [INFO] Po filtraci na interval zustalo 397 zaznamu 
[2026-09-27 18:25:00] [INFO] Po matchi na klicova slova mimo Crossref: 6 zaznamu 
[2026-09-27 18:25:00] [INFO] Crossref zaznamu pro samostatny vystup: 64 
[2026-09-27 18:25:00] [INFO] Existujici vystup obsahuje 98 zaznamu 
[2026-09-27 18:25:00] [INFO] Novy beh vytvoril 6 zaznamu 
[2026-09-27 18:25:00] [INFO] Po slouceni a deduplikaci je ve vystupu 101 zaznamu 
[2026-09-27 18:25:00] [INFO] Pribylo 3 novych zaznamu 
[2026-09-27 18:25:00] [INFO] Hotovo. Ulozeno 101 zaznamu do source.csv 
[2026-09-27 18:25:00] [INFO] Existujici vystup obsahuje 1543 zaznamu 
[2026-09-27 18:25:00] [INFO] Novy beh vytvoril 64 zaznamu 
[2026-09-27 18:25:00] [INFO] Po slouceni a deduplikaci je ve vystupu 1558 zaznamu 
[2026-09-27 18:25:00] [INFO] Pribylo 15 novych zaznamu 
[2026-09-27 18:25:00] [INFO] Hotovo. Ulozeno 1558 zaznamu do source-crossref.csv 
